// Jest Snapshot v1, https://goo.gl/fbAQLP

exports[`Card should render correctly in "debug" mode 1`] = `
<add
  addCard={null}
>
  <div>
    <h2>
      Add
    </h2>
    <Form
      tag="form"
    >
      <form
        className=""
      >
        <FormGroup
          tag="div"
        >
          <div
            className="form-group"
          >
            <Label
              tag="label"
              widths={
                Array [
                  "xs",
                  "sm",
                  "md",
                  "lg",
                  "xl",
                ]
              }
            >
              <label
                className=""
              >
                Name
              </label>
            </Label>
            <Input
              name="userName"
              onChange={[Function]}
              type="text"
              value=""
            >
              <input
                className="form-control"
                name="userName"
                onChange={[Function]}
                type="text"
                value=""
              />
            </Input>
          </div>
        </FormGroup>
        <FormGroup
          tag="div"
        >
          <div
            className="form-group"
          >
            <Label
              tag="label"
              widths={
                Array [
                  "xs",
                  "sm",
                  "md",
                  "lg",
                  "xl",
                ]
              }
            >
              <label
                className=""
              >
                Card number
              </label>
            </Label>
            <Input
              name="cardNo"
              onChange={[Function]}
              type="text"
              value=""
            >
              <input
                className="form-control"
                name="cardNo"
                onChange={[Function]}
                type="text"
                value=""
              />
            </Input>
          </div>
        </FormGroup>
        <FormGroup
          tag="div"
        >
          <div
            className="form-group"
          >
            <Label
              tag="label"
              widths={
                Array [
                  "xs",
                  "sm",
                  "md",
                  "lg",
                  "xl",
                ]
              }
            >
              <label
                className=""
              >
                Limit
              </label>
            </Label>
            <Input
              name="limit"
              onChange={[Function]}
              type="text"
              value=""
            >
              <input
                className="form-control"
                name="limit"
                onChange={[Function]}
                type="text"
                value=""
              />
            </Input>
          </div>
        </FormGroup>
        <FormGroup
          tag="div"
        >
          <div
            className="form-group"
          >
            <Button
              color="primary"
              onClick={[Function]}
              tag="button"
            >
              <button
                aria-label={null}
                className="btn btn-primary"
                onClick={[Function]}
                type="button"
              >
                Add
              </button>
            </Button>
          </div>
        </FormGroup>
      </form>
    </Form>
  </div>
</add>
`;

exports[`Card snapshot 1`] = `
<add
  addCard={null}
>
  <div>
    <h2>
      Add
    </h2>
    <Form
      tag="form"
    >
      <form
        className=""
      >
        <FormGroup
          tag="div"
        >
          <div
            className="form-group"
          >
            <Label
              tag="label"
              widths={
                Array [
                  "xs",
                  "sm",
                  "md",
                  "lg",
                  "xl",
                ]
              }
            >
              <label
                className=""
              >
                Name
              </label>
            </Label>
            <Input
              name="userName"
              onChange={[Function]}
              type="text"
              value=""
            >
              <input
                className="form-control"
                name="userName"
                onChange={[Function]}
                type="text"
                value=""
              />
            </Input>
          </div>
        </FormGroup>
        <FormGroup
          tag="div"
        >
          <div
            className="form-group"
          >
            <Label
              tag="label"
              widths={
                Array [
                  "xs",
                  "sm",
                  "md",
                  "lg",
                  "xl",
                ]
              }
            >
              <label
                className=""
              >
                Card number
              </label>
            </Label>
            <Input
              name="cardNo"
              onChange={[Function]}
              type="text"
              value=""
            >
              <input
                className="form-control"
                name="cardNo"
                onChange={[Function]}
                type="text"
                value=""
              />
            </Input>
          </div>
        </FormGroup>
        <FormGroup
          tag="div"
        >
          <div
            className="form-group"
          >
            <Label
              tag="label"
              widths={
                Array [
                  "xs",
                  "sm",
                  "md",
                  "lg",
                  "xl",
                ]
              }
            >
              <label
                className=""
              >
                Limit
              </label>
            </Label>
            <Input
              name="limit"
              onChange={[Function]}
              type="text"
              value=""
            >
              <input
                className="form-control"
                name="limit"
                onChange={[Function]}
                type="text"
                value=""
              />
            </Input>
          </div>
        </FormGroup>
        <FormGroup
          tag="div"
        >
          <div
            className="form-group"
          >
            <Button
              color="primary"
              onClick={[Function]}
              tag="button"
            >
              <button
                aria-label={null}
                className="btn btn-primary"
                onClick={[Function]}
                type="button"
              >
                Add
              </button>
            </Button>
          </div>
        </FormGroup>
      </form>
    </Form>
  </div>
</add>
`;
