// Jest Snapshot v1, https://goo.gl/fbAQLP

exports[`Card Renders a Header component with List, Add components. 1`] = `
<cardPage>
  <Container
    tag="div"
  >
    <div
      className="container"
    >
      <Row
        tag="div"
      >
        <div
          className="row"
        >
          <Col
            tag="div"
            widths={
              Array [
                "xs",
                "sm",
                "md",
                "lg",
                "xl",
              ]
            }
          >
            <div
              className="col"
            >
              <h1>
                Credit Card System
              </h1>
            </div>
          </Col>
        </div>
      </Row>
      <Row
        tag="div"
      >
        <div
          className="row"
        >
          <Col
            md="6"
            tag="div"
            widths={
              Array [
                "xs",
                "sm",
                "md",
                "lg",
                "xl",
              ]
            }
          >
            <div
              className="col-md-6"
            >
              <add
                addCard={[Function]}
              >
                <div>
                  <h2>
                    Add
                  </h2>
                  <Form
                    tag="form"
                  >
                    <form
                      className=""
                    >
                      <FormGroup
                        tag="div"
                      >
                        <div
                          className="form-group"
                        >
                          <Label
                            tag="label"
                            widths={
                              Array [
                                "xs",
                                "sm",
                                "md",
                                "lg",
                                "xl",
                              ]
                            }
                          >
                            <label
                              className=""
                            >
                              Name
                            </label>
                          </Label>
                          <Input
                            name="userName"
                            onChange={[Function]}
                            type="text"
                            value=""
                          >
                            <input
                              className="form-control"
                              name="userName"
                              onChange={[Function]}
                              type="text"
                              value=""
                            />
                          </Input>
                        </div>
                      </FormGroup>
                      <FormGroup
                        tag="div"
                      >
                        <div
                          className="form-group"
                        >
                          <Label
                            tag="label"
                            widths={
                              Array [
                                "xs",
                                "sm",
                                "md",
                                "lg",
                                "xl",
                              ]
                            }
                          >
                            <label
                              className=""
                            >
                              Card number
                            </label>
                          </Label>
                          <Input
                            name="cardNo"
                            onChange={[Function]}
                            type="text"
                            value=""
                          >
                            <input
                              className="form-control"
                              name="cardNo"
                              onChange={[Function]}
                              type="text"
                              value=""
                            />
                          </Input>
                        </div>
                      </FormGroup>
                      <FormGroup
                        tag="div"
                      >
                        <div
                          className="form-group"
                        >
                          <Label
                            tag="label"
                            widths={
                              Array [
                                "xs",
                                "sm",
                                "md",
                                "lg",
                                "xl",
                              ]
                            }
                          >
                            <label
                              className=""
                            >
                              Limit
                            </label>
                          </Label>
                          <Input
                            name="limit"
                            onChange={[Function]}
                            type="text"
                            value=""
                          >
                            <input
                              className="form-control"
                              name="limit"
                              onChange={[Function]}
                              type="text"
                              value=""
                            />
                          </Input>
                        </div>
                      </FormGroup>
                      <FormGroup
                        tag="div"
                      >
                        <div
                          className="form-group"
                        >
                          <Button
                            color="primary"
                            onClick={[Function]}
                            tag="button"
                          >
                            <button
                              aria-label={null}
                              className="btn btn-primary"
                              onClick={[Function]}
                              type="button"
                            >
                              Add
                            </button>
                          </Button>
                        </div>
                      </FormGroup>
                    </form>
                  </Form>
                </div>
              </add>
            </div>
          </Col>
          <Col
            md="6"
            tag="div"
            widths={
              Array [
                "xs",
                "sm",
                "md",
                "lg",
                "xl",
              ]
            }
          >
            <div
              className="col-md-6"
            >
              <listBlock
                cards={Array []}
              >
                <div>
                  <h2>
                    Existing Cards
                  </h2>
                  <Table
                    responsive={true}
                    responsiveTag="div"
                    striped={true}
                    tag="table"
                  >
                    <div
                      className="table-responsive"
                    >
                      <table
                        className="table table-striped"
                      >
                        <thead>
                          <tr>
                            <th>
                              Name
                            </th>
                            <th>
                              Card Number
                            </th>
                            <th>
                              Balance
                            </th>
                            <th>
                              Limit
                            </th>
                          </tr>
                        </thead>
                        <tbody>
                          <tr>
                            <td
                              colSpan={4}
                            >
                              There are no cards.
                            </td>
                          </tr>
                        </tbody>
                      </table>
                    </div>
                  </Table>
                </div>
              </listBlock>
            </div>
          </Col>
        </div>
      </Row>
    </div>
  </Container>
</cardPage>
`;
